iverilog -g2012 -o fade fade_tb.sv
